// Jest Snapshot v1, https://goo.gl/fbAQLP

exports[`StoreLocator renders correctly 1`] = `
<div>
  <div
    className="Header"
  >
    <img
      alt="coffe"
      src="images/logo.jpg"
    />
  </div>
  <div />
  <div
    className="MapBox"
  >
    <img
      src="images/none.png"
    />
  </div>
</div>
`;
